// Jest Snapshot v1, https://goo.gl/fbAQLP

exports[`Application/Vehicles/List/Container should match saved snapshot 1`] = `
<Component
  dispatch={[Function]}
  vehicles={Array []}
/>
`;
