// Jest Snapshot v1, https://goo.gl/fbAQLP

exports[`Application/Vehicles/Container should match saved snapshot 1`] = `
<VehiclesComponent
  fetchVehicles={[Function]}
/>
`;
